[2026-01-28T06:54:31.864+0000][0.006s] Using G1
[2026-01-28T06:54:31.870+0000][0.012s] Version: 17.0.2+8-86 (release)
[2026-01-28T06:54:31.871+0000][0.012s] CPUs: 12 total, 12 available
[2026-01-28T06:54:31.871+0000][0.013s] Memory: 7809M
[2026-01-28T06:54:31.871+0000][0.013s] Large Page Support: Disabled
[2026-01-28T06:54:31.872+0000][0.014s] NUMA Support: Disabled
[2026-01-28T06:54:31.872+0000][0.014s] Compressed Oops: Enabled (32-bit)
[2026-01-28T06:54:31.872+0000][0.014s] Heap Region Size: 1M
[2026-01-28T06:54:31.872+0000][0.014s] Heap Min Capacity: 8M
[2026-01-28T06:54:31.873+0000][0.015s] Heap Initial Capacity: 124M
[2026-01-28T06:54:31.874+0000][0.016s] Heap Max Capacity: 2G
[2026-01-28T06:54:31.874+0000][0.016s] Pre-touch: Disabled
[2026-01-28T06:54:31.875+0000][0.017s] Parallel Workers: 10
[2026-01-28T06:54:31.875+0000][0.017s] Concurrent Workers: 3
[2026-01-28T06:54:31.875+0000][0.017s] Concurrent Refinement Workers: 10
[2026-01-28T06:54:31.875+0000][0.017s] Periodic GC: Disabled
[2026-01-28T06:54:31.876+0000][0.018s] CDS archive(s) mapped at: [0x0000000800000000-0x0000000800bde000-0x0000000800bde000), size 12443648, SharedBaseAddress: 0x0000000800000000, ArchiveRelocationMode: 0.
[2026-01-28T06:54:31.876+0000][0.018s] Compressed class space mapped at: 0x0000000800c00000-0x0000000840c00000, reserved size: 1073741824
[2026-01-28T06:54:31.876+0000][0.018s] Narrow klass base: 0x0000000800000000, Narrow klass shift: 0, Narrow klass range: 0x100000000
[2026-01-28T06:54:32.207+0000][0.349s] GC(0) Pause Young (Normal) (G1 Evacuation Pause)
[2026-01-28T06:54:32.207+0000][0.349s] GC(0) Using 3 workers of 10 for evacuation
[2026-01-28T06:54:32.210+0000][0.352s] GC(0)   Pre Evacuate Collection Set: 0.1ms
[2026-01-28T06:54:32.211+0000][0.353s] GC(0)   Merge Heap Roots: 0.0ms
[2026-01-28T06:54:32.211+0000][0.353s] GC(0)   Evacuate Collection Set: 2.4ms
[2026-01-28T06:54:32.211+0000][0.353s] GC(0)   Post Evacuate Collection Set: 0.3ms
[2026-01-28T06:54:32.211+0000][0.353s] GC(0)   Other: 0.9ms
[2026-01-28T06:54:32.211+0000][0.353s] GC(0) Eden regions: 23->0(27)
[2026-01-28T06:54:32.211+0000][0.353s] GC(0) Survivor regions: 0->3(3)
[2026-01-28T06:54:32.212+0000][0.353s] GC(0) Old regions: 0->5
[2026-01-28T06:54:32.212+0000][0.354s] GC(0) Archive regions: 2->2
[2026-01-28T06:54:32.212+0000][0.354s] GC(0) Humongous regions: 31->30
[2026-01-28T06:54:32.212+0000][0.354s] GC(0) Metaspace: 4346K(4480K)->4346K(4480K) NonClass: 3837K(3904K)->3837K(3904K) Class: 508K(576K)->508K(576K)
[2026-01-28T06:54:32.212+0000][0.354s] GC(0) Pause Young (Normal) (G1 Evacuation Pause) 54M->38M(126M) 5.500ms
[2026-01-28T06:54:32.212+0000][0.354s] GC(0) User=0.01s Sys=0.01s Real=0.01s
[2026-01-28T06:54:32.631+0000][0.773s] GC(1) Pause Young (Normal) (G1 Evacuation Pause)
[2026-01-28T06:54:32.632+0000][0.773s] GC(1) Using 3 workers of 10 for evacuation
[2026-01-28T06:54:32.637+0000][0.779s] GC(1)   Pre Evacuate Collection Set: 0.1ms
[2026-01-28T06:54:32.637+0000][0.779s] GC(1)   Merge Heap Roots: 0.1ms
[2026-01-28T06:54:32.638+0000][0.780s] GC(1)   Evacuate Collection Set: 4.1ms
[2026-01-28T06:54:32.638+0000][0.780s] GC(1)   Post Evacuate Collection Set: 1.1ms
[2026-01-28T06:54:32.638+0000][0.780s] GC(1)   Other: 0.6ms
[2026-01-28T06:54:32.638+0000][0.780s] GC(1) Eden regions: 27->0(41)
[2026-01-28T06:54:32.639+0000][0.780s] GC(1) Survivor regions: 3->3(4)
[2026-01-28T06:54:32.639+0000][0.781s] GC(1) Old regions: 5->8
[2026-01-28T06:54:32.639+0000][0.781s] GC(1) Archive regions: 2->2
[2026-01-28T06:54:32.639+0000][0.781s] GC(1) Humongous regions: 30->30
[2026-01-28T06:54:32.639+0000][0.781s] GC(1) Metaspace: 12270K(12416K)->12270K(12416K) NonClass: 10863K(10944K)->10863K(10944K) Class: 1407K(1472K)->1407K(1472K)
[2026-01-28T06:54:32.639+0000][0.781s] GC(1) Pause Young (Normal) (G1 Evacuation Pause) 65M->41M(126M) 8.150ms
[2026-01-28T06:54:32.640+0000][0.782s] GC(1) User=0.01s Sys=0.02s Real=0.01s
[2026-01-28T06:54:32.692+0000][0.834s] GC(2) Pause Young (Concurrent Start) (G1 Humongous Allocation)
[2026-01-28T06:54:32.693+0000][0.834s] GC(2) Using 4 workers of 10 for evacuation
[2026-01-28T06:54:32.695+0000][0.837s] GC(2)   Pre Evacuate Collection Set: 0.1ms
[2026-01-28T06:54:32.695+0000][0.837s] GC(2)   Merge Heap Roots: 0.0ms
[2026-01-28T06:54:32.696+0000][0.838s] GC(2)   Evacuate Collection Set: 1.7ms
[2026-01-28T06:54:32.696+0000][0.838s] GC(2)   Post Evacuate Collection Set: 0.3ms
[2026-01-28T06:54:32.696+0000][0.838s] GC(2)   Other: 1.0ms
[2026-01-28T06:54:32.696+0000][0.838s] GC(2) Eden regions: 2->0(36)
[2026-01-28T06:54:32.697+0000][0.838s] GC(2) Survivor regions: 3->3(6)
[2026-01-28T06:54:32.697+0000][0.839s] GC(2) Old regions: 8->8
[2026-01-28T06:54:32.697+0000][0.839s] GC(2) Archive regions: 2->2
[2026-01-28T06:54:32.697+0000][0.839s] GC(2) Humongous regions: 45->45
[2026-01-28T06:54:32.697+0000][0.839s] GC(2) Metaspace: 12864K(13056K)->12864K(13056K) NonClass: 11395K(11520K)->11395K(11520K) Class: 1468K(1536K)->1468K(1536K)
[2026-01-28T06:54:32.698+0000][0.839s] GC(2) Pause Young (Concurrent Start) (G1 Humongous Allocation) 58M->56M(126M) 5.532ms
[2026-01-28T06:54:32.698+0000][0.840s] GC(2) User=0.01s Sys=0.00s Real=0.00s
[2026-01-28T06:54:32.698+0000][0.840s] GC(3) Concurrent Undo Cycle
[2026-01-28T06:54:32.698+0000][0.840s] GC(3) Concurrent Cleanup for Next Mark
[2026-01-28T06:54:32.699+0000][0.841s] GC(3) Concurrent Cleanup for Next Mark 1.345ms
[2026-01-28T06:54:32.700+0000][0.842s] GC(3) Concurrent Undo Cycle 1.755ms
[2026-01-28T06:54:32.736+0000][0.878s] GC(4) Pause Young (Normal) (G1 Evacuation Pause)
[2026-01-28T06:54:32.737+0000][0.879s] GC(4) Using 4 workers of 10 for evacuation
[2026-01-28T06:54:32.740+0000][0.882s] GC(4)   Pre Evacuate Collection Set: 0.2ms
[2026-01-28T06:54:32.741+0000][0.883s] GC(4)   Merge Heap Roots: 0.2ms
[2026-01-28T06:54:32.742+0000][0.883s] GC(4)   Evacuate Collection Set: 2.1ms
[2026-01-28T06:54:32.742+0000][0.884s] GC(4)   Post Evacuate Collection Set: 0.6ms
[2026-01-28T06:54:32.742+0000][0.884s] GC(4)   Other: 1.2ms
[2026-01-28T06:54:32.743+0000][0.885s] GC(4) Eden regions: 36->0(37)
[2026-01-28T06:54:32.743+0000][0.885s] GC(4) Survivor regions: 3->3(5)
[2026-01-28T06:54:32.743+0000][0.885s] GC(4) Old regions: 8->8
[2026-01-28T06:54:32.743+0000][0.885s] GC(4) Archive regions: 2->2
[2026-01-28T06:54:32.744+0000][0.885s] GC(4) Humongous regions: 47->47
[2026-01-28T06:54:32.744+0000][0.886s] GC(4) Metaspace: 12879K(13056K)->12879K(13056K) NonClass: 11410K(11520K)->11410K(11520K) Class: 1468K(1536K)->1468K(1536K)
[2026-01-28T06:54:32.744+0000][0.886s] GC(4) Pause Young (Normal) (G1 Evacuation Pause) 94M->58M(126M) 7.923ms
[2026-01-28T06:54:32.744+0000][0.886s] GC(4) User=0.01s Sys=0.01s Real=0.01s
[2026-01-28T06:54:32.865+0000][1.007s] GC(5) Pause Young (Concurrent Start) (G1 Evacuation Pause)
[2026-01-28T06:54:32.865+0000][1.007s] GC(5) Using 4 workers of 10 for evacuation
[2026-01-28T06:54:32.869+0000][1.011s] GC(5)   Pre Evacuate Collection Set: 0.1ms
[2026-01-28T06:54:32.869+0000][1.011s] GC(5)   Merge Heap Roots: 0.0ms
[2026-01-28T06:54:32.869+0000][1.011s] GC(5)   Evacuate Collection Set: 2.2ms
[2026-01-28T06:54:32.870+0000][1.012s] GC(5)   Post Evacuate Collection Set: 0.5ms
[2026-01-28T06:54:32.870+0000][1.012s] GC(5)   Other: 0.9ms
[2026-01-28T06:54:32.871+0000][1.013s] GC(5) Eden regions: 37->0(58)
[2026-01-28T06:54:32.871+0000][1.013s] GC(5) Survivor regions: 3->1(5)
[2026-01-28T06:54:32.872+0000][1.013s] GC(5) Old regions: 8->11
[2026-01-28T06:54:32.872+0000][1.014s] GC(5) Archive regions: 2->2
[2026-01-28T06:54:32.872+0000][1.014s] GC(5) Humongous regions: 47->30
[2026-01-28T06:54:32.872+0000][1.014s] GC(5) Metaspace: 19970K(20160K)->19970K(20160K) NonClass: 18087K(18176K)->18087K(18176K) Class: 1883K(1984K)->1883K(1984K)
[2026-01-28T06:54:32.872+0000][1.014s] GC(5) Pause Young (Concurrent Start) (G1 Evacuation Pause) 95M->42M(126M) 7.420ms
[2026-01-28T06:54:32.873+0000][1.014s] GC(5) User=0.01s Sys=0.00s Real=0.01s
[2026-01-28T06:54:32.873+0000][1.015s] GC(6) Concurrent Mark Cycle
[2026-01-28T06:54:32.873+0000][1.015s] GC(6) Concurrent Clear Claimed Marks
[2026-01-28T06:54:32.873+0000][1.015s] GC(6) Concurrent Clear Claimed Marks 0.224ms
[2026-01-28T06:54:32.874+0000][1.016s] GC(6) Concurrent Scan Root Regions
[2026-01-28T06:54:32.876+0000][1.018s] GC(6) Concurrent Scan Root Regions 2.345ms
[2026-01-28T06:54:32.876+0000][1.018s] GC(6) Concurrent Mark
[2026-01-28T06:54:32.877+0000][1.019s] GC(6) Concurrent Mark From Roots
[2026-01-28T06:54:32.877+0000][1.019s] GC(6) Using 3 workers of 3 for marking
[2026-01-28T06:54:32.879+0000][1.020s] GC(6) Concurrent Mark From Roots 1.956ms
[2026-01-28T06:54:32.879+0000][1.021s] GC(6) Concurrent Preclean
[2026-01-28T06:54:32.879+0000][1.021s] GC(6) Concurrent Preclean 0.324ms
[2026-01-28T06:54:32.880+0000][1.022s] GC(6) Pause Remark
[2026-01-28T06:54:32.882+0000][1.023s] GC(6) Pause Remark 43M->43M(126M) 1.629ms
[2026-01-28T06:54:32.882+0000][1.024s] GC(6) User=0.00s Sys=0.00s Real=0.00s
[2026-01-28T06:54:32.882+0000][1.024s] GC(6) Concurrent Mark 5.975ms
[2026-01-28T06:54:32.883+0000][1.024s] GC(6) Concurrent Rebuild Remembered Sets
[2026-01-28T06:54:32.884+0000][1.026s] GC(6) Concurrent Rebuild Remembered Sets 1.579ms
[2026-01-28T06:54:32.885+0000][1.027s] GC(6) Pause Cleanup
[2026-01-28T06:54:32.885+0000][1.027s] GC(6) Pause Cleanup 43M->43M(126M) 0.531ms
[2026-01-28T06:54:32.886+0000][1.028s] GC(6) User=0.00s Sys=0.00s Real=0.00s
[2026-01-28T06:54:32.886+0000][1.028s] GC(6) Concurrent Cleanup for Next Mark
[2026-01-28T06:54:32.887+0000][1.029s] GC(6) Concurrent Cleanup for Next Mark 0.855ms
[2026-01-28T06:54:32.887+0000][1.029s] GC(6) Concurrent Mark Cycle 14.260ms
[2026-01-28T06:54:32.963+0000][1.105s] GC(7) Pause Young (Concurrent Start) (G1 Humongous Allocation)
[2026-01-28T06:54:32.964+0000][1.106s] GC(7) Using 4 workers of 10 for evacuation
[2026-01-28T06:54:32.966+0000][1.108s] GC(7)   Pre Evacuate Collection Set: 0.1ms
[2026-01-28T06:54:32.966+0000][1.108s] GC(7)   Merge Heap Roots: 0.1ms
[2026-01-28T06:54:32.966+0000][1.108s] GC(7)   Evacuate Collection Set: 0.6ms
[2026-01-28T06:54:32.966+0000][1.108s] GC(7)   Post Evacuate Collection Set: 0.7ms
[2026-01-28T06:54:32.967+0000][1.109s] GC(7)   Other: 1.1ms
[2026-01-28T06:54:32.967+0000][1.109s] GC(7) Eden regions: 16->0(107)
[2026-01-28T06:54:32.967+0000][1.109s] GC(7) Survivor regions: 1->1(8)
[2026-01-28T06:54:32.967+0000][1.109s] GC(7) Old regions: 11->11
[2026-01-28T06:54:32.968+0000][1.109s] GC(7) Archive regions: 2->2
[2026-01-28T06:54:32.968+0000][1.110s] GC(7) Humongous regions: 30->30
[2026-01-28T06:54:32.968+0000][1.110s] GC(7) Metaspace: 25630K(25792K)->25630K(25792K) NonClass: 23457K(23552K)->23457K(23552K) Class: 2173K(2240K)->2173K(2240K)
[2026-01-28T06:54:32.968+0000][1.110s] GC(7) Pause Young (Concurrent Start) (G1 Humongous Allocation) 57M->41M(180M) 4.950ms
[2026-01-28T06:54:32.968+0000][1.110s] GC(7) User=0.00s Sys=0.00s Real=0.00s
[2026-01-28T06:54:32.968+0000][1.110s] GC(8) Concurrent Undo Cycle
[2026-01-28T06:54:32.969+0000][1.110s] GC(8) Concurrent Cleanup for Next Mark
[2026-01-28T06:54:32.969+0000][1.111s] GC(8) Concurrent Cleanup for Next Mark 0.556ms
[2026-01-28T06:54:32.969+0000][1.111s] GC(8) Concurrent Undo Cycle 0.958ms
[2026-01-28T06:54:33.100+0000][1.241s] GC(9) Pause Young (Concurrent Start) (G1 Humongous Allocation)
[2026-01-28T06:54:33.100+0000][1.242s] GC(9) Using 4 workers of 10 for evacuation
[2026-01-28T06:54:33.101+0000][1.243s] GC(9)   Pre Evacuate Collection Set: 0.1ms
[2026-01-28T06:54:33.102+0000][1.244s] GC(9)   Merge Heap Roots: 0.0ms
[2026-01-28T06:54:33.102+0000][1.244s] GC(9)   Evacuate Collection Set: 0.4ms
[2026-01-28T06:54:33.102+0000][1.244s] GC(9)   Post Evacuate Collection Set: 0.5ms
[2026-01-28T06:54:33.102+0000][1.244s] GC(9)   Other: 0.8ms
[2026-01-28T06:54:33.102+0000][1.244s] GC(9) Eden regions: 60->0(70)
[2026-01-28T06:54:33.103+0000][1.245s] GC(9) Survivor regions: 1->1(14)
[2026-01-28T06:54:33.103+0000][1.245s] GC(9) Old regions: 11->11
[2026-01-28T06:54:33.103+0000][1.245s] GC(9) Archive regions: 2->2
[2026-01-28T06:54:33.103+0000][1.245s] GC(9) Humongous regions: 67->57
[2026-01-28T06:54:33.103+0000][1.245s] GC(9) Metaspace: 25717K(25856K)->25717K(25856K) NonClass: 23537K(23616K)->23537K(23616K) Class: 2180K(2240K)->2180K(2240K)
[2026-01-28T06:54:33.104+0000][1.246s] GC(9) Pause Young (Concurrent Start) (G1 Humongous Allocation) 138M->69M(180M) 4.033ms
[2026-01-28T06:54:33.104+0000][1.246s] GC(9) User=0.02s Sys=0.00s Real=0.01s
[2026-01-28T06:54:33.104+0000][1.246s] GC(10) Concurrent Undo Cycle
[2026-01-28T06:54:33.104+0000][1.246s] GC(10) Concurrent Cleanup for Next Mark
[2026-01-28T06:54:33.105+0000][1.247s] GC(10) Concurrent Cleanup for Next Mark 0.433ms
[2026-01-28T06:54:33.105+0000][1.247s] GC(10) Concurrent Undo Cycle 0.827ms
[2026-01-28T06:54:33.135+0000][1.277s] GC(11) Pause Young (Concurrent Start) (G1 Humongous Allocation)
[2026-01-28T06:54:33.135+0000][1.277s] GC(11) Using 4 workers of 10 for evacuation
[2026-01-28T06:54:33.137+0000][1.279s] GC(11)   Pre Evacuate Collection Set: 0.1ms
[2026-01-28T06:54:33.137+0000][1.279s] GC(11)   Merge Heap Roots: 0.1ms
[2026-01-28T06:54:33.137+0000][1.279s] GC(11)   Evacuate Collection Set: 0.5ms
[2026-01-28T06:54:33.138+0000][1.279s] GC(11)   Post Evacuate Collection Set: 0.3ms
[2026-01-28T06:54:33.138+0000][1.280s] GC(11)   Other: 0.8ms
[2026-01-28T06:54:33.138+0000][1.280s] GC(11) Eden regions: 29->0(73)
[2026-01-28T06:54:33.138+0000][1.280s] GC(11) Survivor regions: 1->2(9)
[2026-01-28T06:54:33.139+0000][1.280s] GC(11) Old regions: 11->11
[2026-01-28T06:54:33.139+0000][1.281s] GC(11) Archive regions: 2->2
[2026-01-28T06:54:33.139+0000][1.281s] GC(11) Humongous regions: 66->57
[2026-01-28T06:54:33.139+0000][1.281s] GC(11) Metaspace: 25717K(25856K)->25717K(25856K) NonClass: 23537K(23616K)->23537K(23616K) Class: 2180K(2240K)->2180K(2240K)
[2026-01-28T06:54:33.139+0000][1.281s] GC(11) Pause Young (Concurrent Start) (G1 Humongous Allocation) 106M->69M(180M) 4.114ms
[2026-01-28T06:54:33.139+0000][1.281s] GC(11) User=0.01s Sys=0.00s Real=0.00s
[2026-01-28T06:54:33.140+0000][1.281s] GC(12) Concurrent Undo Cycle
[2026-01-28T06:54:33.140+0000][1.282s] GC(12) Concurrent Cleanup for Next Mark
[2026-01-28T06:54:33.140+0000][1.282s] GC(12) Concurrent Cleanup for Next Mark 0.430ms
[2026-01-28T06:54:33.141+0000][1.282s] GC(12) Concurrent Undo Cycle 0.965ms
[2026-01-28T06:54:33.154+0000][1.295s] GC(13) Pause Young (Concurrent Start) (G1 Humongous Allocation)
[2026-01-28T06:54:33.154+0000][1.296s] GC(13) Using 4 workers of 10 for evacuation
[2026-01-28T06:54:33.155+0000][1.297s] GC(13)   Pre Evacuate Collection Set: 0.1ms
[2026-01-28T06:54:33.155+0000][1.297s] GC(13)   Merge Heap Roots: 0.0ms
[2026-01-28T06:54:33.156+0000][1.297s] GC(13)   Evacuate Collection Set: 0.6ms
[2026-01-28T06:54:33.156+0000][1.298s] GC(13)   Post Evacuate Collection Set: 0.3ms
[2026-01-28T06:54:33.156+0000][1.298s] GC(13)   Other: 0.6ms
[2026-01-28T06:54:33.156+0000][1.298s] GC(13) Eden regions: 3->0(64)
[2026-01-28T06:54:33.156+0000][1.298s] GC(13) Survivor regions: 2->2(10)
[2026-01-28T06:54:33.157+0000][1.298s] GC(13) Old regions: 11->11
[2026-01-28T06:54:33.157+0000][1.299s] GC(13) Archive regions: 2->2
[2026-01-28T06:54:33.157+0000][1.299s] GC(13) Humongous regions: 66->66
[2026-01-28T06:54:33.157+0000][1.299s] GC(13) Metaspace: 25833K(26048K)->25833K(26048K) NonClass: 23641K(23744K)->23641K(23744K) Class: 2192K(2304K)->2192K(2304K)
[2026-01-28T06:54:33.157+0000][1.299s] GC(13) Pause Young (Concurrent Start) (G1 Humongous Allocation) 80M->78M(180M) 3.671ms
[2026-01-28T06:54:33.157+0000][1.299s] GC(13) User=0.01s Sys=0.00s Real=0.00s
[2026-01-28T06:54:33.157+0000][1.299s] GC(14) Concurrent Undo Cycle
[2026-01-28T06:54:33.158+0000][1.300s] GC(14) Concurrent Cleanup for Next Mark
[2026-01-28T06:54:33.158+0000][1.300s] GC(14) Concurrent Cleanup for Next Mark 0.426ms
[2026-01-28T06:54:33.158+0000][1.300s] GC(14) Concurrent Undo Cycle 0.859ms
[2026-01-28T06:54:33.180+0000][1.322s] GC(15) Pause Young (Concurrent Start) (G1 Humongous Allocation)
[2026-01-28T06:54:33.180+0000][1.322s] GC(15) Using 4 workers of 10 for evacuation
[2026-01-28T06:54:33.182+0000][1.323s] GC(15)   Pre Evacuate Collection Set: 0.1ms
[2026-01-28T06:54:33.182+0000][1.324s] GC(15)   Merge Heap Roots: 0.0ms
[2026-01-28T06:54:33.182+0000][1.324s] GC(15)   Evacuate Collection Set: 0.6ms
[2026-01-28T06:54:33.182+0000][1.324s] GC(15)   Post Evacuate Collection Set: 0.3ms
[2026-01-28T06:54:33.183+0000][1.324s] GC(15)   Other: 0.7ms
[2026-01-28T06:54:33.183+0000][1.325s] GC(15) Eden regions: 0->0(58)
[2026-01-28T06:54:33.183+0000][1.325s] GC(15) Survivor regions: 2->2(9)
[2026-01-28T06:54:33.183+0000][1.325s] GC(15) Old regions: 11->11
[2026-01-28T06:54:33.183+0000][1.325s] GC(15) Archive regions: 2->2
[2026-01-28T06:54:33.184+0000][1.325s] GC(15) Humongous regions: 76->76
[2026-01-28T06:54:33.184+0000][1.326s] GC(15) Metaspace: 25833K(26048K)->25833K(26048K) NonClass: 23641K(23744K)->23641K(23744K) Class: 2192K(2304K)->2192K(2304K)
[2026-01-28T06:54:33.184+0000][1.326s] GC(15) Pause Young (Concurrent Start) (G1 Humongous Allocation) 88M->88M(180M) 3.921ms
[2026-01-28T06:54:33.184+0000][1.326s] GC(15) User=0.03s Sys=0.00s Real=0.01s
[2026-01-28T06:54:33.184+0000][1.326s] GC(16) Concurrent Mark Cycle
[2026-01-28T06:54:33.185+0000][1.326s] GC(16) Concurrent Clear Claimed Marks
[2026-01-28T06:54:33.185+0000][1.327s] GC(16) Concurrent Clear Claimed Marks 0.198ms
[2026-01-28T06:54:33.185+0000][1.327s] GC(16) Concurrent Scan Root Regions
[2026-01-28T06:54:33.186+0000][1.328s] GC(16) Concurrent Scan Root Regions 0.648ms
[2026-01-28T06:54:33.186+0000][1.328s] GC(16) Concurrent Mark
[2026-01-28T06:54:33.186+0000][1.328s] GC(16) Concurrent Mark From Roots
[2026-01-28T06:54:33.186+0000][1.328s] GC(16) Using 3 workers of 3 for marking
[2026-01-28T06:54:33.189+0000][1.331s] GC(16) Concurrent Mark From Roots 3.173ms
[2026-01-28T06:54:33.190+0000][1.332s] GC(16) Concurrent Preclean
[2026-01-28T06:54:33.190+0000][1.332s] GC(16) Concurrent Preclean 0.318ms
[2026-01-28T06:54:33.191+0000][1.332s] GC(16) Pause Remark
[2026-01-28T06:54:33.192+0000][1.334s] GC(16) Pause Remark 90M->90M(180M) 1.196ms
[2026-01-28T06:54:33.192+0000][1.334s] GC(16) User=0.01s Sys=0.00s Real=0.01s
[2026-01-28T06:54:33.192+0000][1.334s] GC(16) Concurrent Mark 6.421ms
[2026-01-28T06:54:33.193+0000][1.335s] GC(16) Concurrent Rebuild Remembered Sets
[2026-01-28T06:54:33.194+0000][1.336s] GC(16) Concurrent Rebuild Remembered Sets 1.333ms
[2026-01-28T06:54:33.195+0000][1.336s] GC(16) Pause Cleanup
[2026-01-28T06:54:33.195+0000][1.337s] GC(16) Pause Cleanup 95M->95M(180M) 0.251ms
[2026-01-28T06:54:33.195+0000][1.337s] GC(16) User=0.00s Sys=0.00s Real=0.00s
[2026-01-28T06:54:33.195+0000][1.337s] GC(16) Concurrent Cleanup for Next Mark
[2026-01-28T06:54:33.196+0000][1.338s] GC(16) Concurrent Cleanup for Next Mark 0.809ms
[2026-01-28T06:54:33.196+0000][1.338s] GC(16) Concurrent Mark Cycle 12.038ms
[2026-01-28T06:54:33.206+0000][1.348s] GC(17) Pause Young (Concurrent Start) (G1 Humongous Allocation)
[2026-01-28T06:54:33.206+0000][1.348s] GC(17) Using 4 workers of 10 for evacuation
[2026-01-28T06:54:33.208+0000][1.350s] GC(17)   Pre Evacuate Collection Set: 0.1ms
[2026-01-28T06:54:33.208+0000][1.350s] GC(17)   Merge Heap Roots: 0.1ms
[2026-01-28T06:54:33.208+0000][1.350s] GC(17)   Evacuate Collection Set: 0.6ms
[2026-01-28T06:54:33.208+0000][1.350s] GC(17)   Post Evacuate Collection Set: 0.6ms
[2026-01-28T06:54:33.209+0000][1.350s] GC(17)   Other: 0.7ms
[2026-01-28T06:54:33.209+0000][1.351s] GC(17) Eden regions: 35->0(94)
[2026-01-28T06:54:33.209+0000][1.351s] GC(17) Survivor regions: 2->2(8)
[2026-01-28T06:54:33.209+0000][1.351s] GC(17) Old regions: 11->11
[2026-01-28T06:54:33.209+0000][1.351s] GC(17) Archive regions: 2->2
[2026-01-28T06:54:33.209+0000][1.351s] GC(17) Humongous regions: 78->66
[2026-01-28T06:54:33.209+0000][1.351s] GC(17) Metaspace: 25833K(26048K)->25833K(26048K) NonClass: 23641K(23744K)->23641K(23744K) Class: 2192K(2304K)->2192K(2304K)
[2026-01-28T06:54:33.210+0000][1.351s] GC(17) Pause Young (Concurrent Start) (G1 Humongous Allocation) 124M->78M(223M) 3.937ms
[2026-01-28T06:54:33.210+0000][1.352s] GC(17) User=0.01s Sys=0.00s Real=0.00s
[2026-01-28T06:54:33.210+0000][1.352s] GC(18) Concurrent Undo Cycle
[2026-01-28T06:54:33.210+0000][1.352s] GC(18) Concurrent Cleanup for Next Mark
[2026-01-28T06:54:33.211+0000][1.353s] GC(18) Concurrent Cleanup for Next Mark 1.069ms
[2026-01-28T06:54:33.212+0000][1.353s] GC(18) Concurrent Undo Cycle 1.561ms
[2026-01-28T06:54:33.222+0000][1.364s] GC(19) Pause Young (Concurrent Start) (G1 Humongous Allocation)
[2026-01-28T06:54:33.222+0000][1.364s] GC(19) Using 5 workers of 10 for evacuation
[2026-01-28T06:54:33.225+0000][1.367s] GC(19)   Pre Evacuate Collection Set: 0.2ms
[2026-01-28T06:54:33.225+0000][1.367s] GC(19)   Merge Heap Roots: 0.1ms
[2026-01-28T06:54:33.225+0000][1.367s] GC(19)   Evacuate Collection Set: 1.9ms
[2026-01-28T06:54:33.226+0000][1.367s] GC(19)   Post Evacuate Collection Set: 0.3ms
[2026-01-28T06:54:33.226+0000][1.368s] GC(19)   Other: 0.6ms
[2026-01-28T06:54:33.226+0000][1.368s] GC(19) Eden regions: 1->0(80)
[2026-01-28T06:54:33.226+0000][1.368s] GC(19) Survivor regions: 2->2(12)
[2026-01-28T06:54:33.226+0000][1.368s] GC(19) Old regions: 11->11
[2026-01-28T06:54:33.226+0000][1.368s] GC(19) Archive regions: 2->2
[2026-01-28T06:54:33.227+0000][1.368s] GC(19) Humongous regions: 78->78
[2026-01-28T06:54:33.227+0000][1.369s] GC(19) Metaspace: 25857K(26048K)->25857K(26048K) NonClass: 23663K(23744K)->23663K(23744K) Class: 2193K(2304K)->2193K(2304K)
[2026-01-28T06:54:33.227+0000][1.369s] GC(19) Pause Young (Concurrent Start) (G1 Humongous Allocation) 91M->90M(223M) 5.101ms
[2026-01-28T06:54:33.227+0000][1.369s] GC(19) User=0.03s Sys=0.00s Real=0.01s
[2026-01-28T06:54:33.227+0000][1.369s] GC(20) Concurrent Undo Cycle
[2026-01-28T06:54:33.227+0000][1.369s] GC(20) Concurrent Cleanup for Next Mark
[2026-01-28T06:54:33.228+0000][1.370s] GC(20) Concurrent Cleanup for Next Mark 0.510ms
[2026-01-28T06:54:33.228+0000][1.370s] GC(20) Concurrent Undo Cycle 1.077ms
[2026-01-28T06:54:33.261+0000][1.403s] GC(21) Pause Young (Concurrent Start) (G1 Humongous Allocation)
[2026-01-28T06:54:33.262+0000][1.404s] GC(21) Using 5 workers of 10 for evacuation
[2026-01-28T06:54:33.265+0000][1.407s] GC(21)   Pre Evacuate Collection Set: 0.1ms
[2026-01-28T06:54:33.265+0000][1.407s] GC(21)   Merge Heap Roots: 0.1ms
[2026-01-28T06:54:33.266+0000][1.408s] GC(21)   Evacuate Collection Set: 2.0ms
[2026-01-28T06:54:33.266+0000][1.408s] GC(21)   Post Evacuate Collection Set: 0.3ms
[2026-01-28T06:54:33.266+0000][1.408s] GC(21)   Other: 0.8ms
[2026-01-28T06:54:33.266+0000][1.408s] GC(21) Eden regions: 0->0(68)
[2026-01-28T06:54:33.266+0000][1.408s] GC(21) Survivor regions: 2->2(11)
[2026-01-28T06:54:33.267+0000][1.408s] GC(21) Old regions: 11->11
[2026-01-28T06:54:33.267+0000][1.409s] GC(21) Archive regions: 2->2
[2026-01-28T06:54:33.267+0000][1.409s] GC(21) Humongous regions: 95->95
[2026-01-28T06:54:33.267+0000][1.409s] GC(21) Metaspace: 25857K(26048K)->25857K(26048K) NonClass: 23663K(23744K)->23663K(23744K) Class: 2193K(2304K)->2193K(2304K)
[2026-01-28T06:54:33.267+0000][1.409s] GC(21) Pause Young (Concurrent Start) (G1 Humongous Allocation) 107M->107M(223M) 5.729ms
[2026-01-28T06:54:33.267+0000][1.409s] GC(21) User=0.02s Sys=0.00s Real=0.01s
[2026-01-28T06:54:33.268+0000][1.409s] GC(22) Concurrent Mark Cycle
[2026-01-28T06:54:33.268+0000][1.410s] GC(22) Concurrent Clear Claimed Marks
[2026-01-28T06:54:33.268+0000][1.410s] GC(22) Concurrent Clear Claimed Marks 0.203ms
[2026-01-28T06:54:33.268+0000][1.410s] GC(22) Concurrent Scan Root Regions
[2026-01-28T06:54:33.269+0000][1.411s] GC(22) Concurrent Scan Root Regions 0.729ms
[2026-01-28T06:54:33.269+0000][1.411s] GC(22) Concurrent Mark
[2026-01-28T06:54:33.269+0000][1.411s] GC(22) Concurrent Mark From Roots
[2026-01-28T06:54:33.270+0000][1.412s] GC(22) Using 3 workers of 3 for marking
[2026-01-28T06:54:33.273+0000][1.415s] GC(22) Concurrent Mark From Roots 3.375ms
[2026-01-28T06:54:33.273+0000][1.415s] GC(22) Concurrent Preclean
[2026-01-28T06:54:33.273+0000][1.415s] GC(22) Concurrent Preclean 0.227ms
[2026-01-28T06:54:33.274+0000][1.416s] GC(22) Pause Remark
[2026-01-28T06:54:33.275+0000][1.417s] GC(22) Pause Remark 110M->110M(223M) 1.162ms
[2026-01-28T06:54:33.275+0000][1.417s] GC(22) User=0.00s Sys=0.00s Real=0.00s
[2026-01-28T06:54:33.276+0000][1.417s] GC(22) Concurrent Mark 6.305ms
[2026-01-28T06:54:33.276+0000][1.418s] GC(22) Concurrent Rebuild Remembered Sets
[2026-01-28T06:54:33.277+0000][1.419s] GC(22) Concurrent Rebuild Remembered Sets 1.505ms
[2026-01-28T06:54:33.278+0000][1.420s] GC(22) Pause Cleanup
[2026-01-28T06:54:33.278+0000][1.420s] GC(22) Pause Cleanup 110M->110M(223M) 0.283ms
[2026-01-28T06:54:33.278+0000][1.420s] GC(22) User=0.00s Sys=0.00s Real=0.00s
[2026-01-28T06:54:33.279+0000][1.421s] GC(22) Concurrent Cleanup for Next Mark
[2026-01-28T06:54:33.279+0000][1.421s] GC(22) Concurrent Cleanup for Next Mark 0.591ms
[2026-01-28T06:54:33.280+0000][1.421s] GC(22) Concurrent Mark Cycle 12.061ms
[2026-01-28T06:54:33.313+0000][1.455s] GC(23) Pause Young (Concurrent Start) (G1 Humongous Allocation)
[2026-01-28T06:54:33.314+0000][1.455s] GC(23) Using 5 workers of 10 for evacuation
[2026-01-28T06:54:33.315+0000][1.457s] GC(23)   Pre Evacuate Collection Set: 0.1ms
[2026-01-28T06:54:33.315+0000][1.457s] GC(23)   Merge Heap Roots: 0.1ms
[2026-01-28T06:54:33.315+0000][1.457s] GC(23)   Evacuate Collection Set: 0.6ms
[2026-01-28T06:54:33.316+0000][1.457s] GC(23)   Post Evacuate Collection Set: 0.4ms
[2026-01-28T06:54:33.316+0000][1.458s] GC(23)   Other: 0.6ms
[2026-01-28T06:54:33.316+0000][1.458s] GC(23) Eden regions: 60->0(84)
[2026-01-28T06:54:33.316+0000][1.458s] GC(23) Survivor regions: 2->2(9)
[2026-01-28T06:54:33.316+0000][1.458s] GC(23) Old regions: 11->11
[2026-01-28T06:54:33.316+0000][1.458s] GC(23) Archive regions: 2->2
[2026-01-28T06:54:33.317+0000][1.458s] GC(23) Humongous regions: 97->78
[2026-01-28T06:54:33.317+0000][1.459s] GC(23) Metaspace: 25857K(26048K)->25857K(26048K) NonClass: 23663K(23744K)->23663K(23744K) Class: 2193K(2304K)->2193K(2304K)
[2026-01-28T06:54:33.317+0000][1.459s] GC(23) Pause Young (Concurrent Start) (G1 Humongous Allocation) 169M->90M(223M) 3.659ms
[2026-01-28T06:54:33.317+0000][1.459s] GC(23) User=0.00s Sys=0.00s Real=0.00s
[2026-01-28T06:54:33.317+0000][1.459s] GC(24) Concurrent Undo Cycle
[2026-01-28T06:54:33.317+0000][1.459s] GC(24) Concurrent Cleanup for Next Mark
[2026-01-28T06:54:33.318+0000][1.460s] GC(24) Concurrent Cleanup for Next Mark 0.459ms
[2026-01-28T06:54:33.318+0000][1.460s] GC(24) Concurrent Undo Cycle 0.944ms
[2026-01-28T06:54:33.322+0000][1.464s] GC(25) Pause Young (Concurrent Start) (G1 Humongous Allocation)
[2026-01-28T06:54:33.322+0000][1.464s] GC(25) Using 5 workers of 10 for evacuation
[2026-01-28T06:54:33.325+0000][1.467s] GC(25)   Pre Evacuate Collection Set: 0.2ms
[2026-01-28T06:54:33.325+0000][1.467s] GC(25)   Merge Heap Roots: 0.1ms
[2026-01-28T06:54:33.325+0000][1.467s] GC(25)   Evacuate Collection Set: 0.7ms
[2026-01-28T06:54:33.326+0000][1.467s] GC(25)   Post Evacuate Collection Set: 1.1ms
[2026-01-28T06:54:33.326+0000][1.468s] GC(25)   Other: 0.7ms
[2026-01-28T06:54:33.326+0000][1.468s] GC(25) Eden regions: 0->0(185)
[2026-01-28T06:54:33.326+0000][1.468s] GC(25) Survivor regions: 2->2(11)
[2026-01-28T06:54:33.326+0000][1.468s] GC(25) Old regions: 11->11
[2026-01-28T06:54:33.326+0000][1.468s] GC(25) Archive regions: 2->2
[2026-01-28T06:54:33.327+0000][1.468s] GC(25) Humongous regions: 95->95
[2026-01-28T06:54:33.327+0000][1.469s] GC(25) Metaspace: 25857K(26048K)->25857K(26048K) NonClass: 23663K(23744K)->23663K(23744K) Class: 2193K(2304K)->2193K(2304K)
[2026-01-28T06:54:33.327+0000][1.469s] GC(25) Pause Young (Concurrent Start) (G1 Humongous Allocation) 107M->107M(392M) 4.758ms
[2026-01-28T06:54:33.327+0000][1.469s] GC(25) User=0.00s Sys=0.00s Real=0.00s
[2026-01-28T06:54:33.327+0000][1.469s] GC(26) Concurrent Undo Cycle
[2026-01-28T06:54:33.328+0000][1.469s] GC(26) Concurrent Cleanup for Next Mark
[2026-01-28T06:54:33.329+0000][1.471s] GC(26) Concurrent Cleanup for Next Mark 1.755ms
[2026-01-28T06:54:33.330+0000][1.472s] GC(26) Concurrent Undo Cycle 2.236ms
