[2026-01-28T06:54:23.805+0000][0.005s] Using G1
[2026-01-28T06:54:23.828+0000][0.028s] Version: 17.0.2+8-86 (release)
[2026-01-28T06:54:23.828+0000][0.028s] CPUs: 12 total, 12 available
[2026-01-28T06:54:23.830+0000][0.029s] Memory: 7809M
[2026-01-28T06:54:23.830+0000][0.030s] Large Page Support: Disabled
[2026-01-28T06:54:23.831+0000][0.031s] NUMA Support: Disabled
[2026-01-28T06:54:23.831+0000][0.031s] Compressed Oops: Enabled (Zero based)
[2026-01-28T06:54:23.832+0000][0.031s] Heap Region Size: 4M
[2026-01-28T06:54:23.832+0000][0.032s] Heap Min Capacity: 8G
[2026-01-28T06:54:23.832+0000][0.032s] Heap Initial Capacity: 8G
[2026-01-28T06:54:23.832+0000][0.032s] Heap Max Capacity: 8G
[2026-01-28T06:54:23.833+0000][0.033s] Pre-touch: Disabled
[2026-01-28T06:54:23.833+0000][0.033s] Parallel Workers: 10
[2026-01-28T06:54:23.833+0000][0.033s] Concurrent Workers: 3
[2026-01-28T06:54:23.833+0000][0.033s] Concurrent Refinement Workers: 10
[2026-01-28T06:54:23.834+0000][0.033s] Periodic GC: Disabled
[2026-01-28T06:54:23.834+0000][0.034s] CDS archive(s) mapped at: [0x0000000800000000-0x0000000800bde000-0x0000000800bde000), size 12443648, SharedBaseAddress: 0x0000000800000000, ArchiveRelocationMode: 0.
[2026-01-28T06:54:23.834+0000][0.034s] Compressed class space mapped at: 0x0000000800c00000-0x0000000840c00000, reserved size: 1073741824
[2026-01-28T06:54:23.834+0000][0.034s] Narrow klass base: 0x0000000800000000, Narrow klass shift: 0, Narrow klass range: 0x100000000
[2026-01-28T06:54:25.126+0000][1.326s] GC(0) Pause Young (Concurrent Start) (Metadata GC Threshold)
[2026-01-28T06:54:25.128+0000][1.328s] GC(0) Using 10 workers of 10 for evacuation
[2026-01-28T06:54:25.144+0000][1.344s] GC(0)   Pre Evacuate Collection Set: 0.3ms
[2026-01-28T06:54:25.145+0000][1.345s] GC(0)   Merge Heap Roots: 0.1ms
[2026-01-28T06:54:25.146+0000][1.346s] GC(0)   Evacuate Collection Set: 14.0ms
[2026-01-28T06:54:25.146+0000][1.346s] GC(0)   Post Evacuate Collection Set: 1.4ms
[2026-01-28T06:54:25.147+0000][1.347s] GC(0)   Other: 2.8ms
[2026-01-28T06:54:25.148+0000][1.348s] GC(0) Eden regions: 37->0(89)
[2026-01-28T06:54:25.148+0000][1.348s] GC(0) Survivor regions: 0->13(13)
[2026-01-28T06:54:25.149+0000][1.348s] GC(0) Old regions: 0->0
[2026-01-28T06:54:25.149+0000][1.349s] GC(0) Archive regions: 2->2
[2026-01-28T06:54:25.149+0000][1.349s] GC(0) Humongous regions: 5->5
[2026-01-28T06:54:25.150+0000][1.349s] GC(0) Metaspace: 21341K(21504K)->21341K(21504K) NonClass: 19041K(19136K)->19041K(19136K) Class: 2300K(2368K)->2300K(2368K)
[2026-01-28T06:54:25.150+0000][1.350s] GC(0) Pause Young (Concurrent Start) (Metadata GC Threshold) 169M->73M(8192M) 24.372ms
[2026-01-28T06:54:25.150+0000][1.350s] GC(0) User=0.10s Sys=0.04s Real=0.02s
[2026-01-28T06:54:25.151+0000][1.350s] GC(1) Concurrent Mark Cycle
[2026-01-28T06:54:25.151+0000][1.351s] GC(1) Concurrent Clear Claimed Marks
[2026-01-28T06:54:25.151+0000][1.351s] GC(1) Concurrent Clear Claimed Marks 0.267ms
[2026-01-28T06:54:25.151+0000][1.351s] GC(1) Concurrent Scan Root Regions
[2026-01-28T06:54:25.154+0000][1.354s] GC(1) Concurrent Scan Root Regions 2.675ms
[2026-01-28T06:54:25.154+0000][1.354s] GC(1) Concurrent Mark
[2026-01-28T06:54:25.155+0000][1.354s] GC(1) Concurrent Mark From Roots
[2026-01-28T06:54:25.155+0000][1.355s] GC(1) Using 3 workers of 3 for marking
[2026-01-28T06:54:25.156+0000][1.356s] GC(1) Concurrent Mark From Roots 1.396ms
[2026-01-28T06:54:25.156+0000][1.356s] GC(1) Concurrent Preclean
[2026-01-28T06:54:25.156+0000][1.356s] GC(1) Concurrent Preclean 0.134ms
[2026-01-28T06:54:25.157+0000][1.356s] GC(1) Pause Remark
[2026-01-28T06:54:25.158+0000][1.358s] GC(1) Pause Remark 75M->75M(8192M) 1.538ms
[2026-01-28T06:54:25.158+0000][1.358s] GC(1) User=0.01s Sys=0.00s Real=0.00s
[2026-01-28T06:54:25.159+0000][1.358s] GC(1) Concurrent Mark 4.210ms
[2026-01-28T06:54:25.159+0000][1.359s] GC(1) Concurrent Rebuild Remembered Sets
[2026-01-28T06:54:25.159+0000][1.359s] GC(1) Concurrent Rebuild Remembered Sets 0.142ms
[2026-01-28T06:54:25.159+0000][1.359s] GC(1) Pause Cleanup
[2026-01-28T06:54:25.159+0000][1.359s] GC(1) Pause Cleanup 75M->75M(8192M) 0.145ms
[2026-01-28T06:54:25.160+0000][1.359s] GC(1) User=0.00s Sys=0.00s Real=0.00s
[2026-01-28T06:54:25.160+0000][1.360s] GC(1) Concurrent Cleanup for Next Mark
[2026-01-28T06:54:25.178+0000][1.378s] GC(1) Concurrent Cleanup for Next Mark 17.912ms
[2026-01-28T06:54:25.178+0000][1.378s] GC(1) Concurrent Mark Cycle 27.847ms
[2026-01-28T06:54:25.760+0000][1.960s] GC(2) Pause Young (Concurrent Start) (Metadata GC Threshold)
[2026-01-28T06:54:25.761+0000][1.961s] GC(2) Using 10 workers of 10 for evacuation
[2026-01-28T06:54:25.778+0000][1.978s] GC(2)   Pre Evacuate Collection Set: 0.3ms
[2026-01-28T06:54:25.779+0000][1.979s] GC(2)   Merge Heap Roots: 0.1ms
[2026-01-28T06:54:25.780+0000][1.980s] GC(2)   Evacuate Collection Set: 15.1ms
[2026-01-28T06:54:25.780+0000][1.980s] GC(2)   Post Evacuate Collection Set: 1.3ms
[2026-01-28T06:54:25.781+0000][1.981s] GC(2)   Other: 1.2ms
[2026-01-28T06:54:25.781+0000][1.981s] GC(2) Eden regions: 15->0(100)
[2026-01-28T06:54:25.781+0000][1.981s] GC(2) Survivor regions: 13->2(13)
[2026-01-28T06:54:25.782+0000][1.982s] GC(2) Old regions: 0->13
[2026-01-28T06:54:25.782+0000][1.982s] GC(2) Archive regions: 2->2
[2026-01-28T06:54:25.782+0000][1.982s] GC(2) Humongous regions: 5->5
[2026-01-28T06:54:25.782+0000][1.982s] GC(2) Metaspace: 35959K(36160K)->35959K(36160K) NonClass: 31015K(31104K)->31015K(31104K) Class: 4943K(5056K)->4943K(5056K)
[2026-01-28T06:54:25.783+0000][1.982s] GC(2) Pause Young (Concurrent Start) (Metadata GC Threshold) 133M->80M(8192M) 22.157ms
[2026-01-28T06:54:25.783+0000][1.983s] GC(2) User=0.12s Sys=0.02s Real=0.03s
[2026-01-28T06:54:25.783+0000][1.983s] GC(3) Concurrent Mark Cycle
[2026-01-28T06:54:25.783+0000][1.983s] GC(3) Concurrent Clear Claimed Marks
[2026-01-28T06:54:25.784+0000][1.984s] GC(3) Concurrent Clear Claimed Marks 0.278ms
[2026-01-28T06:54:25.784+0000][1.984s] GC(3) Concurrent Scan Root Regions
[2026-01-28T06:54:25.787+0000][1.987s] GC(3) Concurrent Scan Root Regions 3.026ms
[2026-01-28T06:54:25.787+0000][1.987s] GC(3) Concurrent Mark
[2026-01-28T06:54:25.788+0000][1.987s] GC(3) Concurrent Mark From Roots
[2026-01-28T06:54:25.788+0000][1.988s] GC(3) Using 3 workers of 3 for marking
[2026-01-28T06:54:25.789+0000][1.989s] GC(3) Concurrent Mark From Roots 1.792ms
[2026-01-28T06:54:25.790+0000][1.989s] GC(3) Concurrent Preclean
[2026-01-28T06:54:25.790+0000][1.990s] GC(3) Concurrent Preclean 0.241ms
[2026-01-28T06:54:25.790+0000][1.990s] GC(3) Pause Remark
[2026-01-28T06:54:25.792+0000][1.992s] GC(3) Pause Remark 84M->84M(8192M) 1.865ms
[2026-01-28T06:54:25.793+0000][1.992s] GC(3) User=0.00s Sys=0.01s Real=0.01s
[2026-01-28T06:54:25.793+0000][1.993s] GC(3) Concurrent Mark 5.543ms
[2026-01-28T06:54:25.793+0000][1.993s] GC(3) Concurrent Rebuild Remembered Sets
[2026-01-28T06:54:25.796+0000][1.996s] GC(3) Concurrent Rebuild Remembered Sets 2.475ms
[2026-01-28T06:54:25.796+0000][1.996s] GC(3) Pause Cleanup
[2026-01-28T06:54:25.797+0000][1.997s] GC(3) Pause Cleanup 84M->84M(8192M) 0.471ms
[2026-01-28T06:54:25.797+0000][1.997s] GC(3) User=0.00s Sys=0.00s Real=0.00s
[2026-01-28T06:54:25.797+0000][1.997s] GC(3) Concurrent Cleanup for Next Mark
[2026-01-28T06:54:25.814+0000][2.013s] GC(3) Concurrent Cleanup for Next Mark 16.262ms
[2026-01-28T06:54:25.815+0000][2.014s] GC(3) Concurrent Mark Cycle 31.290ms
[2026-01-28T06:54:27.061+0000][3.261s] GC(4) Pause Young (Concurrent Start) (Metadata GC Threshold)
[2026-01-28T06:54:27.062+0000][3.262s] GC(4) Using 10 workers of 10 for evacuation
[2026-01-28T06:54:27.073+0000][3.273s] GC(4)   Pre Evacuate Collection Set: 0.3ms
[2026-01-28T06:54:27.073+0000][3.273s] GC(4)   Merge Heap Roots: 0.1ms
[2026-01-28T06:54:27.073+0000][3.273s] GC(4)   Evacuate Collection Set: 9.4ms
[2026-01-28T06:54:27.074+0000][3.274s] GC(4)   Post Evacuate Collection Set: 0.8ms
[2026-01-28T06:54:27.074+0000][3.274s] GC(4)   Other: 0.8ms
[2026-01-28T06:54:27.074+0000][3.274s] GC(4) Eden regions: 70->0(96)
[2026-01-28T06:54:27.074+0000][3.274s] GC(4) Survivor regions: 2->6(13)
[2026-01-28T06:54:27.075+0000][3.274s] GC(4) Old regions: 13->13
[2026-01-28T06:54:27.075+0000][3.275s] GC(4) Archive regions: 2->2
[2026-01-28T06:54:27.075+0000][3.275s] GC(4) Humongous regions: 5->5
[2026-01-28T06:54:27.075+0000][3.275s] GC(4) Metaspace: 60076K(60416K)->60076K(60416K) NonClass: 52299K(52480K)->52299K(52480K) Class: 7777K(7936K)->7777K(7936K)
[2026-01-28T06:54:27.075+0000][3.275s] GC(4) Pause Young (Concurrent Start) (Metadata GC Threshold) 359M->95M(8192M) 13.899ms
[2026-01-28T06:54:27.076+0000][3.275s] GC(4) User=0.09s Sys=0.01s Real=0.02s
[2026-01-28T06:54:27.076+0000][3.276s] GC(5) Concurrent Mark Cycle
[2026-01-28T06:54:27.076+0000][3.276s] GC(5) Concurrent Clear Claimed Marks
[2026-01-28T06:54:27.076+0000][3.276s] GC(5) Concurrent Clear Claimed Marks 0.213ms
[2026-01-28T06:54:27.076+0000][3.276s] GC(5) Concurrent Scan Root Regions
[2026-01-28T06:54:27.081+0000][3.280s] GC(5) Concurrent Scan Root Regions 4.219ms
[2026-01-28T06:54:27.081+0000][3.281s] GC(5) Concurrent Mark
[2026-01-28T06:54:27.081+0000][3.281s] GC(5) Concurrent Mark From Roots
[2026-01-28T06:54:27.081+0000][3.281s] GC(5) Using 3 workers of 3 for marking
[2026-01-28T06:54:27.086+0000][3.286s] GC(5) Concurrent Mark From Roots 5.047ms
[2026-01-28T06:54:27.086+0000][3.286s] GC(5) Concurrent Preclean
[2026-01-28T06:54:27.087+0000][3.287s] GC(5) Concurrent Preclean 0.361ms
[2026-01-28T06:54:27.087+0000][3.287s] GC(5) Pause Remark
[2026-01-28T06:54:27.089+0000][3.289s] GC(5) Pause Remark 138M->138M(8192M) 2.115ms
[2026-01-28T06:54:27.090+0000][3.290s] GC(5) User=0.02s Sys=0.01s Real=0.00s
[2026-01-28T06:54:27.091+0000][3.290s] GC(5) Concurrent Mark 9.732ms
[2026-01-28T06:54:27.091+0000][3.291s] GC(5) Concurrent Rebuild Remembered Sets
[2026-01-28T06:54:27.094+0000][3.294s] GC(5) Concurrent Rebuild Remembered Sets 2.802ms
[2026-01-28T06:54:27.094+0000][3.294s] GC(5) Pause Cleanup
[2026-01-28T06:54:27.095+0000][3.295s] GC(5) Pause Cleanup 139M->139M(8192M) 0.632ms
[2026-01-28T06:54:27.095+0000][3.295s] GC(5) User=0.00s Sys=0.00s Real=0.00s
[2026-01-28T06:54:27.096+0000][3.295s] GC(5) Concurrent Cleanup for Next Mark
[2026-01-28T06:54:27.101+0000][3.301s] GC(5) Concurrent Cleanup for Next Mark 5.841ms
[2026-01-28T06:54:27.102+0000][3.302s] GC(5) Concurrent Mark Cycle 25.888ms
[2026-01-28T06:54:30.603+0000][6.803s] GC(6) Pause Young (Concurrent Start) (Metadata GC Threshold)
[2026-01-28T06:54:30.603+0000][6.803s] GC(6) Using 10 workers of 10 for evacuation
[2026-01-28T06:54:30.622+0000][6.822s] GC(6)   Pre Evacuate Collection Set: 0.9ms
[2026-01-28T06:54:30.622+0000][6.822s] GC(6)   Merge Heap Roots: 0.2ms
[2026-01-28T06:54:30.623+0000][6.823s] GC(6)   Evacuate Collection Set: 13.9ms
[2026-01-28T06:54:30.623+0000][6.823s] GC(6)   Post Evacuate Collection Set: 2.7ms
[2026-01-28T06:54:30.624+0000][6.823s] GC(6)   Other: 1.4ms
[2026-01-28T06:54:30.624+0000][6.824s] GC(6) Eden regions: 74->0(92)
[2026-01-28T06:54:30.624+0000][6.824s] GC(6) Survivor regions: 6->10(13)
[2026-01-28T06:54:30.625+0000][6.825s] GC(6) Old regions: 13->13
[2026-01-28T06:54:30.625+0000][6.825s] GC(6) Archive regions: 2->2
[2026-01-28T06:54:30.625+0000][6.825s] GC(6) Humongous regions: 7->7
[2026-01-28T06:54:30.626+0000][6.826s] GC(6) Metaspace: 100629K(101120K)->100629K(101120K) NonClass: 85756K(86016K)->85756K(86016K) Class: 14873K(15104K)->14873K(15104K)
[2026-01-28T06:54:30.626+0000][6.826s] GC(6) Pause Young (Concurrent Start) (Metadata GC Threshold) 397M->117M(8192M) 23.277ms
[2026-01-28T06:54:30.627+0000][6.827s] GC(6) User=0.12s Sys=0.01s Real=0.02s
[2026-01-28T06:54:30.627+0000][6.827s] GC(7) Concurrent Mark Cycle
[2026-01-28T06:54:30.627+0000][6.827s] GC(7) Concurrent Clear Claimed Marks
[2026-01-28T06:54:30.628+0000][6.828s] GC(7) Concurrent Clear Claimed Marks 0.343ms
[2026-01-28T06:54:30.628+0000][6.828s] GC(7) Concurrent Scan Root Regions
[2026-01-28T06:54:30.636+0000][6.836s] GC(7) Concurrent Scan Root Regions 7.785ms
[2026-01-28T06:54:30.637+0000][6.836s] GC(7) Concurrent Mark
[2026-01-28T06:54:30.637+0000][6.837s] GC(7) Concurrent Mark From Roots
[2026-01-28T06:54:30.638+0000][6.837s] GC(7) Using 3 workers of 3 for marking
[2026-01-28T06:54:30.642+0000][6.842s] GC(7) Concurrent Mark From Roots 5.294ms
[2026-01-28T06:54:30.643+0000][6.843s] GC(7) Concurrent Preclean
[2026-01-28T06:54:30.644+0000][6.844s] GC(7) Concurrent Preclean 0.735ms
[2026-01-28T06:54:30.645+0000][6.845s] GC(7) Pause Remark
[2026-01-28T06:54:30.648+0000][6.848s] GC(7) Pause Remark 146M->146M(8192M) 3.431ms
[2026-01-28T06:54:30.649+0000][6.849s] GC(7) User=0.02s Sys=0.00s Real=0.00s
[2026-01-28T06:54:30.649+0000][6.849s] GC(7) Concurrent Mark 12.570ms
[2026-01-28T06:54:30.649+0000][6.849s] GC(7) Concurrent Rebuild Remembered Sets
[2026-01-28T06:54:30.652+0000][6.852s] GC(7) Concurrent Rebuild Remembered Sets 2.763ms
[2026-01-28T06:54:30.653+0000][6.853s] GC(7) Pause Cleanup
[2026-01-28T06:54:30.654+0000][6.854s] GC(7) Pause Cleanup 146M->146M(8192M) 0.673ms
[2026-01-28T06:54:30.654+0000][6.854s] GC(7) User=0.00s Sys=0.00s Real=0.00s
[2026-01-28T06:54:30.654+0000][6.854s] GC(7) Concurrent Cleanup for Next Mark
[2026-01-28T06:54:30.659+0000][6.859s] GC(7) Concurrent Cleanup for Next Mark 4.916ms
[2026-01-28T06:54:30.660+0000][6.859s] GC(7) Concurrent Mark Cycle 32.345ms
[2026-01-28T06:55:13.398+0000][49.601s] GC(8) Pause Young (Normal) (G1 Evacuation Pause)
[2026-01-28T06:55:13.398+0000][49.601s] GC(8) Using 10 workers of 10 for evacuation
[2026-01-28T06:55:13.422+0000][49.625s] GC(8)   Pre Evacuate Collection Set: 0.4ms
[2026-01-28T06:55:13.422+0000][49.625s] GC(8)   Merge Heap Roots: 0.3ms
[2026-01-28T06:55:13.423+0000][49.625s] GC(8)   Evacuate Collection Set: 19.8ms
[2026-01-28T06:55:13.423+0000][49.626s] GC(8)   Post Evacuate Collection Set: 2.7ms
[2026-01-28T06:55:13.423+0000][49.626s] GC(8)   Other: 0.8ms
[2026-01-28T06:55:13.423+0000][49.626s] GC(8) Eden regions: 92->0(91)
[2026-01-28T06:55:13.423+0000][49.626s] GC(8) Survivor regions: 10->11(13)
[2026-01-28T06:55:13.424+0000][49.626s] GC(8) Old regions: 13->17
[2026-01-28T06:55:13.424+0000][49.627s] GC(8) Archive regions: 2->2
[2026-01-28T06:55:13.424+0000][49.627s] GC(8) Humongous regions: 14->13
[2026-01-28T06:55:13.424+0000][49.627s] GC(8) Metaspace: 140849K(141440K)->140849K(141440K) NonClass: 120228K(120512K)->120228K(120512K) Class: 20621K(20928K)->20621K(20928K)
[2026-01-28T06:55:13.424+0000][49.627s] GC(8) Pause Young (Normal) (G1 Evacuation Pause) 513M->166M(8192M) 26.413ms
[2026-01-28T06:55:13.425+0000][49.627s] GC(8) User=0.17s Sys=0.05s Real=0.03s
[2026-01-28T06:55:16.768+0000][52.971s] GC(9) Pause Young (Normal) (G1 Evacuation Pause)
[2026-01-28T06:55:16.769+0000][52.972s] GC(9) Using 10 workers of 10 for evacuation
[2026-01-28T06:55:16.782+0000][52.984s] GC(9)   Pre Evacuate Collection Set: 0.3ms
[2026-01-28T06:55:16.782+0000][52.985s] GC(9)   Merge Heap Roots: 0.1ms
[2026-01-28T06:55:16.782+0000][52.985s] GC(9)   Evacuate Collection Set: 10.1ms
[2026-01-28T06:55:16.782+0000][52.985s] GC(9)   Post Evacuate Collection Set: 2.0ms
[2026-01-28T06:55:16.782+0000][52.985s] GC(9)   Other: 0.8ms
[2026-01-28T06:55:16.783+0000][52.985s] GC(9) Eden regions: 91->0(195)
[2026-01-28T06:55:16.783+0000][52.986s] GC(9) Survivor regions: 11->8(13)
[2026-01-28T06:55:16.783+0000][52.986s] GC(9) Old regions: 17->22
[2026-01-28T06:55:16.783+0000][52.986s] GC(9) Archive regions: 2->2
[2026-01-28T06:55:16.783+0000][52.986s] GC(9) Humongous regions: 13->7
[2026-01-28T06:55:16.784+0000][52.986s] GC(9) Metaspace: 141846K(142464K)->141846K(142464K) NonClass: 121222K(121536K)->121222K(121536K) Class: 20623K(20928K)->20623K(20928K)
[2026-01-28T06:55:16.784+0000][52.987s] GC(9) Pause Young (Normal) (G1 Evacuation Pause) 530M->146M(8192M) 15.429ms
[2026-01-28T06:55:16.784+0000][52.987s] GC(9) User=0.08s Sys=0.02s Real=0.02s
[2026-01-28T06:57:27.057+0000][183.266s] GC(10) Pause Young (Normal) (G1 Evacuation Pause)
[2026-01-28T06:57:27.057+0000][183.267s] GC(10) Using 10 workers of 10 for evacuation
[2026-01-28T06:57:27.084+0000][183.294s] GC(10)   Pre Evacuate Collection Set: 0.9ms
[2026-01-28T06:57:27.084+0000][183.294s] GC(10)   Merge Heap Roots: 0.2ms
[2026-01-28T06:57:27.085+0000][183.295s] GC(10)   Evacuate Collection Set: 17.5ms
[2026-01-28T06:57:27.085+0000][183.295s] GC(10)   Post Evacuate Collection Set: 8.2ms
[2026-01-28T06:57:27.085+0000][183.295s] GC(10)   Other: 0.8ms
[2026-01-28T06:57:27.085+0000][183.295s] GC(10) Eden regions: 177->0(592)
[2026-01-28T06:57:27.086+0000][183.295s] GC(10) Survivor regions: 8->11(24)
[2026-01-28T06:57:27.086+0000][183.295s] GC(10) Old regions: 22->22
[2026-01-28T06:57:27.086+0000][183.296s] GC(10) Archive regions: 2->2
[2026-01-28T06:57:27.086+0000][183.296s] GC(10) Humongous regions: 19->19
[2026-01-28T06:57:27.086+0000][183.296s] GC(10) Metaspace: 155401K(156096K)->155401K(156096K) NonClass: 133546K(133888K)->133546K(133888K) Class: 21854K(22208K)->21854K(22208K)
[2026-01-28T06:57:27.087+0000][183.296s] GC(10) Pause Young (Normal) (G1 Evacuation Pause) 902M->207M(8192M) 30.267ms
[2026-01-28T06:57:27.087+0000][183.297s] GC(10) User=0.17s Sys=0.03s Real=0.03s
